Compiling lib\main.dart for the Web...                          
flutter : Target dart2js 
failed: ProcessException: 
Process exited abnormally 
with exit code 1:
At line:1 char:1
+ flutter build web 
--no-tree-shake-icons > 
build_errors.txt 2>&1
+ ~~~~~~~~~~~~~~~~~~~~~~~~~
~~~~~~~~~~~~~~~~~~~~~~~~~~~
~~~~~~~~~~~
    + CategoryInfo         
     : NotSpecified: (Tar  
  get dart2js ...th exit   
  code 1::String) [], R    
emoteException
    + FullyQualifiedErrorI 
   d : NativeCommandError
 
lib/features/profile/profil
e_screen.dart:66:31:
Error: The getter 
'userMetadata' isn't 
defined for the class 
'AsyncValue<String?>'.
 - 'AsyncValue' is from 'pa
ckage:riverpod/src/common.d
art' ('../../AppData/Local/
Pub/Cache/hosted/pub.dev/ri
verpod-2.6.1/lib/src/common
.dart').
                        use
r?.userMetadata?['full_name
'] ??
                           
   ^^^^^^^^^^^^
lib/features/profile/profil
e_screen.dart:67:35:
Error: The getter 'email' 
isn't defined for the 
class 
'AsyncValue<String?>'.
 - 'AsyncValue' is from 'pa
ckage:riverpod/src/common.d
art' ('../../AppData/Local/
Pub/Cache/hosted/pub.dev/ri
verpod-2.6.1/lib/src/common
.dart').
                           
 user?.email?.split('@').fi
rst ??
                           
       ^^^^^
lib/features/profile/profil
e_screen.dart:78:31:
Error: The getter 'phone' 
isn't defined for the 
class 
'AsyncValue<String?>'.
 - 'AsyncValue' is from 'pa
ckage:riverpod/src/common.d
art' ('../../AppData/Local/
Pub/Cache/hosted/pub.dev/ri
verpod-2.6.1/lib/src/common
.dart').
                        
user?.phone ?? user?.email 
?? 'Guest',
                           
   ^^^^^
lib/features/profile/profil
e_screen.dart:78:46:
Error: The getter 'email' 
isn't defined for the 
class 
'AsyncValue<String?>'.
 - 'AsyncValue' is from 'pa
ckage:riverpod/src/common.d
art' ('../../AppData/Local/
Pub/Cache/hosted/pub.dev/ri
verpod-2.6.1/lib/src/common
.dart').
                        
user?.phone ?? user?.email 
?? 'Guest',
                           
                  ^^^^^
Error: Compilation failed.
  Command: C:\src\flutter_w
indows_3.32.1-stable\flutte
r\bin\cache\dart-sdk\bin\da
rt.exe compile js --platfor
m-binaries=C:\src\flutter_w
indows_3.32.1-stable\flutte
r\bin\cache\flutter_web_sdk
\kernel 
--invoker=flutter_tool 
-Ddart.vm.product=true 
-DFLUTTER_VERSION=3.32.1 
-DFLUTTER_CHANNEL=stable -D
FLUTTER_GIT_URL=https://git
hub.com/flutter/flutter.git
 -DFLUTTER_FRAMEWORK_REVISI
ON=b25305a883 -DFLUTTER_ENG
INE_REVISION=1425e5e9ec -DF
LUTTER_DART_VERSION=3.8.1 -
DFLUTTER_WEB_USE_SKIA=true 
-DFLUTTER_WEB_USE_SKWASM=fa
lse -DFLUTTER_WEB_CANVASKIT
_URL=https://www.gstatic.co
m/flutter-canvaskit/1425e5e
9ec5eeb4f225c401d8db69b860e
0fde9a/ 
--native-null-assertions 
--no-source-maps -o C:\User
s\gkv00\Music\gixbee\.dart_
tool\flutter_build\a70ff429
a29f6f2eec3765e38b2b6e9f\ap
p.dill --packages=C:\Users\
gkv00\Music\gixbee\.dart_to
ol\package_config.json 
--cfe-only C:\Users\gkv00\M
usic\gixbee\.dart_tool\flut
ter_build\a70ff429a29f6f2ee
c3765e38b2b6e9f\main.dart
#0      
RunResult.throwException (p
ackage:flutter_tools/src/ba
se/process.dart:118:5)
#1      
_DefaultProcessUtils.run (p
ackage:flutter_tools/src/ba
se/process.dart:344:19)
<asynchronous suspension>
#2      
Dart2JSTarget.build (packag
e:flutter_tools/src/build_s
ystem/targets/web.dart:201:
5)
<asynchronous suspension>
#3      _BuildInstance._inv
okeInternal (package:flutte
r_tools/src/build_system/bu
ild_system.dart:873:9)
<asynchronous suspension>
#4      
Future.wait.<anonymous 
closure> (dart:async/future
.dart:525:21)
<asynchronous suspension>
#5      _BuildInstance.invo
keTarget (package:flutter_t
ools/src/build_system/build
_system.dart:811:32)
<asynchronous suspension>
#6      
Future.wait.<anonymous 
closure> (dart:async/future
.dart:525:21)
<asynchronous suspension>
#7      _BuildInstance.invo
keTarget (package:flutter_t
ools/src/build_system/build
_system.dart:811:32)
<asynchronous suspension>
#8      
FlutterBuildSystem.build (p
ackage:flutter_tools/src/bu
ild_system/build_system.dar
t:629:16)
<asynchronous suspension>
#9      
WebBuilder.buildWeb (packag
e:flutter_tools/src/web/com
pile.dart:91:34)
<asynchronous suspension>
#10     
BuildWebCommand.runCommand 
(package:flutter_tools/src/
commands/build_web.dart:246
:5)
<asynchronous suspension>
#11     FlutterCommand.run.
<anonymous closure> (packag
e:flutter_tools/src/runner/
flutter_command.dart:1563:2
7)
<asynchronous suspension>
#12     
AppContext.run.<anonymous 
closure> (package:flutter_t
ools/src/base/context.dart:
154:19)
<asynchronous suspension>
#13     
CommandRunner.runCommand (p
ackage:args/command_runner.
dart:212:13)
<asynchronous suspension>
#14     FlutterCommandRunne
r.runCommand.<anonymous 
closure> (package:flutter_t
ools/src/runner/flutter_com
mand_runner.dart:494:9)
<asynchronous suspension>
#15     
AppContext.run.<anonymous 
closure> (package:flutter_t
ools/src/base/context.dart:
154:19)
<asynchronous suspension>
#16     FlutterCommandRunne
r.runCommand (package:flutt
er_tools/src/runner/flutter
_command_runner.dart:431:5)
<asynchronous suspension>
#17     run.<anonymous 
closure>.<anonymous 
closure> (package:flutter_t
ools/runner.dart:98:11)
<asynchronous suspension>
#18     
AppContext.run.<anonymous 
closure> (package:flutter_t
ools/src/base/context.dart:
154:19)
<asynchronous suspension>
#19     main (package:flutt
er_tools/executable.dart:10
2:3)
<asynchronous suspension>

Compiling lib\main.dart for the Web...                             40.5s
Error: Failed to compile 
application for the Web.
